  batch 1/40
  batch 2/40
  batch 3/40
  batch 4/40
  batch 5/40
  batch 6/40
  batch 7/40
  batch 8/40
  batch 9/40
  batch 10/40
  batch 11/40
  batch 12/40
  batch 13/40
  batch 14/40
  batch 15/40
  batch 16/40
  batch 17/40
  batch 18/40
  batch 19/40
  batch 20/40
  batch 21/40
  batch 22/40
  batch 23/40
  batch 24/40
  batch 25/40
  batch 26/40
  batch 27/40
  batch 28/40
  batch 29/40
  batch 30/40
  batch 31/40
  batch 32/40
  batch 33/40
  batch 34/40
  batch 35/40
  batch 36/40
  batch 37/40
  batch 38/40
  batch 39/40
  batch 40/40

standard bivariate Gaussian, 120,000,000 samples
  E[A_3]        = 0.087741100 +- 2.4e-05
  E[A_3^2]      = 0.014652233 +- 9.7e-06
  P_4 direct MC = 0.649020550 +- 3.3e-05
      predicted = 0.649035600            z(identity) = -0.16
      classical 6/pi*arcsin(1/3) = 0.649040688   z = -0.60
  P_5 direct MC = 0.269051383 +- 4.5e-05
      predicted by identity (II) = 0.269111333   z(identity) = -0.26
wrote ../results/A3_gaussian_P5.json
