=== symbolic derivation of the P_5 closed form from (II) + Alikoski ===
  1 - 10E[A_3] + 10E[A_3^2] = (36*m**2 + 75 - 460*cos(w)/sin(w)**2 - 455/sin(w)**2)/(36*m**2)
  minus claimed closed form  = 0  (must be 0)
  limit m->oo: 1 - 305/(48*pi**2)  vs 1-305/(48 pi^2): 0
  m=3: P_5 = 11/36   ref 11/36 (Valtr triangle)   diff 0
  m=4: P_5 = 49/144   ref 49/144 (Valtr square)   diff 0
  m=3: E[A_3^2] cov-route - closed form = 0  (must be 0), value 1/72
  m=4: E[A_3^2] cov-route - closed form = 0  (must be 0), value 1/96
  m=5: E[A_3^2] cov-route - closed form = 0  (must be 0), value 25*(89*sqrt(5) + 205)/(24*(2340*sqrt(5 - sqrt(5))*sqrt(sqrt(5) + 5) + 4695*sqrt(5) + 1092*sqrt(5)*sqrt(5 - sqrt(5))*sqrt(sqrt(5) + 5) + 10955))
  m=6: E[A_3^2] cov-route - closed form = 0  (must be 0), value 25/2592
  m=8: E[A_3^2] cov-route - closed form = 0  (must be 0), value sqrt(2)/384 + 3/512
  m=12: E[A_3^2] cov-route - closed form = 0  (must be 0), value sqrt(3)/432 + 19/3456
  m=3: Alikoski E[A_3] = 1/12  ref 1/12
  m=4: Alikoski E[A_3] = 11/144  ref 11/144

=== route P (50 dps, exact polynomial integration) vs Alikoski ===
 m=  3 E[A_3](routeP)=0.0833333333333333333333333333333
       E[A_3](Alikoski)=0.0833333333333333333333333333333   diff=3.341e-52
       E[A_4]-2E[A_3] = -5.3455e-51   T_0-2=1.0691e-50  E[N_3]-3=1.6037e-50
       P_4=0.6666666666666666666666667  E[A_3^2]=0.01388888888888888888888889  P_5=0.3055555555555555555555556
 m=  4 E[A_3](routeP)=0.0763888888888888888888888888889
       E[A_3](Alikoski)=0.0763888888888888888888888888889   diff=3.0069e-51
       E[A_4]-2E[A_3] = -8.0183e-51   T_0-2=-8.0183e-51  E[N_3]-3=-1.0691e-50
       P_4=0.6944444444444444444444444  E[A_3^2]=0.01041666666666666666666667  P_5=0.3402777777777777777777778
 m=  5 E[A_3](routeP)=0.0748451997499976632934352629859
       E[A_3](Alikoski)=0.0748451997499976632934352629859   diff=9.0206e-51
       E[A_4]-2E[A_3] = -1.0691e-50   T_0-2=2.1382e-50  E[N_3]-3=3.2073e-50
       P_4=0.7006192010000093468262589  E[A_3^2]=0.009824045318333193130939449  P_5=0.3497884556833552983750419
 m=  6 E[A_3](routeP)=0.0743312757201646090534979423868
       E[A_3](Alikoski)=0.0743312757201646090534979423868   diff=3.341e-51
       E[A_4]-2E[A_3] = -2.6728e-51   T_0-2=-4.5437e-50  E[N_3]-3=-6.9492e-50
       P_4=0.7026748971193415637860082  E[A_3^2]=0.009645061728395061728395062  P_5=0.3531378600823045267489712
 m=  7 E[A_3](routeP)=0.074119292900774654052695888735
       E[A_3](Alikoski)=0.074119292900774654052695888735   diff=-4.8444e-51
       E[A_4]-2E[A_3] = 1.0691e-50   T_0-2=2.1382e-50  E[N_3]-3=3.2073e-50
       P_4=0.7035228283969013837892164  E[A_3^2]=0.009574699002398843571884756  P_5=0.3545540610162418951918887
 m=  8 E[A_3](routeP)=0.0740187088730038813097603357895
       E[A_3](Alikoski)=0.0740187088730038813097603357895   diff=-1.3364e-51
       E[A_4]-2E[A_3] = 1.3364e-50   T_0-2=-9.8892e-50  E[N_3]-3=-1.4967e-49
       P_4=0.7039251645079844747609587  E[A_3^2]=0.009542222818679935022921064  P_5=0.3552351394567605371316073
 m=  9 E[A_3](routeP)=0.0739659509794924546998796288076
       E[A_3](Alikoski)=0.0739659509794924546998796288076   diff=-1.0858e-50
       E[A_4]-2E[A_3] = -2.6728e-51   T_0-2=-2.6728e-51  E[N_3]-3=-5.3455e-51
       P_4=0.7041361960820301812004815  E[A_3^2]=0.009525484036156001580469586  P_5=0.3555953305666354688058996
 m= 10 E[A_3](routeP)=0.0739361005613858278032890834004
       E[A_3](Alikoski)=0.0739361005613858278032890834004   diff=3.0904e-50
       E[A_4]-2E[A_3] = -2.94e-50   T_0-2=-4.0091e-50  E[N_3]-3=-5.8801e-50
       P_4=0.7042555977544566887868437  E[A_3^2]=0.009516124625416281110083485  P_5=0.355800240640304533067944
 m= 11 E[A_3](routeP)=0.073918176152222741502191870804
       E[A_3](Alikoski)=0.073918176152222741502191870804   diff=-1.7373e-50
       E[A_4]-2E[A_3] = 5.3455e-51   T_0-2=3.2073e-50  E[N_3]-3=4.811e-50
       P_4=0.7043272953911090339912325  E[A_3^2]=0.009510551535774193857662712  P_5=0.3559237538355145235547084
 m= 12 E[A_3](routeP)=0.0739068834851780938516308679623
       E[A_3](Alikoski)=0.0739068834851780938516308679623   diff=1.6037e-50
       E[A_4]-2E[A_3] = -6.281e-50   T_0-2=-1.1493e-49  E[N_3]-3=-1.7106e-49
       P_4=0.7043724660592876245934765  E[A_3^2]=0.009507062054557586327609829  P_5=0.3560017856937949247597896
 m= 13 E[A_3](routeP)=0.0738994812617856719121046723995
       E[A_3](Alikoski)=0.0738994812617856719121046723995   diff=-2.9066e-50
       E[A_4]-2E[A_3] = 2.4055e-50   T_0-2=6.4146e-50  E[N_3]-3=9.622e-50
       P_4=0.7044020749528573123515813  E[A_3^2]=0.009504785451435830979643932  P_5=0.3560530418965015906753926
 m= 14 E[A_3](routeP)=0.0738944649122367459860394595281
       E[A_3](Alikoski)=0.0738944649122367459860394595281   diff=1.0357e-50
       E[A_4]-2E[A_3] = 5.3455e-50   T_0-2=-8.5528e-50  E[N_3]-3=-1.2829e-49
       P_4=0.7044221403510530160558422  E[A_3^2]=0.009503248262457731628265698  P_5=0.3560878335022098564222624
 m= 15 E[A_3](routeP)=0.0738909675718546441358243931604
       E[A_3](Alikoski)=0.0738909675718546441358243931604   diff=-9.4382e-50
       E[A_4]-2E[A_3] = 2.7129e-49   T_0-2=-1.8175e-49  E[N_3]-3=-2.7262e-49
       P_4=0.7044361297125814234567024  E[A_3^2]=0.009502179652546770941015607  P_5=0.3561121208069212680519121
 m= 16 E[A_3](routeP)=0.0738884688282377256233433157766
       E[A_3](Alikoski)=0.0738884688282377256233433157766   diff=-3.5915e-50
       E[A_4]-2E[A_3] = 3.4746e-50   T_0-2=-4.5437e-50  E[N_3]-3=-6.9492e-50
       P_4=0.7044461246870490975066267  E[A_3^2]=0.009501417946439217254056146  P_5=0.3561294911820149163071283
 m= 17 E[A_3](routeP)=0.073886645030821855455450787792
       E[A_3](Alikoski)=0.073886645030821855455450787792   diff=-5.262e-50
       E[A_4]-2E[A_3] = 1.5903e-49   T_0-2=1.3898e-49  E[N_3]-3=2.0848e-49
       P_4=0.7044534198767125781781968  E[A_3^2]=0.009500863051864887247384396  P_5=0.3561421802104303179193361
 m= 18 E[A_3](routeP)=0.0738852886304954003377878774426
       E[A_3](Alikoski)=0.0738852886304954003377878774426   diff=3.8087e-50
       E[A_4]-2E[A_3] = -2.1783e-49   T_0-2=1.7106e-49  E[N_3]-3=2.5659e-49
       P_4=0.7044588454780183986488485  E[A_3^2]=0.009500451019221418120411581  P_5=0.356151623887260177826237
 m= 19 E[A_3](routeP)=0.0738842629037470895591880346898
       E[A_3](Alikoski)=0.0738842629037470895591880346898   diff=-7.4002e-50
       E[A_4]-2E[A_3] = 2.3654e-49   T_0-2=-2.058e-49  E[N_3]-3=-3.1004e-49
       P_4=0.7044629483850116417632479  E[A_3^2]=0.009500139850167009178061999  P_5=0.3561587694641991961887396
 m= 20 E[A_3](routeP)=0.0738834756160136114365904173706
       E[A_3](Alikoski)=0.0738834756160136114365904173706   diff=-3.1405e-50
       E[A_4]-2E[A_3] = 1.8843e-49   T_0-2=1.4967e-49  E[N_3]-3=2.2451e-49
       P_4=0.7044660975359455542536383  E[A_3^2]=0.00949990128470024805609553  P_5=0.3561642566868663661950511
 m= 21 E[A_3](routeP)=0.0738828632127815241752654558761
       E[A_3](Alikoski)=0.0738828632127815241752654558761   diff=2.0714e-50
       E[A_4]-2E[A_3] = -7.3501e-50   T_0-2=2.94e-49  E[N_3]-3=4.3833e-49
       P_4=0.7044685471488739032989382  E[A_3^2]=0.009499715892203445587941101  P_5=0.3561685267942192141267564
 m= 22 E[A_3](routeP)=0.0738823810614983375650849498095
       E[A_3](Alikoski)=0.0738823810614983375650849498095   diff=6.8156e-50
       E[A_4]-2E[A_3] = -1.2562e-49   T_0-2=4.2764e-50  E[N_3]-3=6.4146e-50
       P_4=0.7044704757540066497396602  E[A_3^2]=0.009499570052216730472852351  P_5=0.356171889907183929077674
 m= 23 E[A_3](routeP)=0.0738819972760837417453962542756
       E[A_3](Alikoski)=0.0738819972760837417453962542756   diff=1.4149e-49
       E[A_4]-2E[A_3] = -1.6705e-49   T_0-2=-2.94e-50  E[N_3]-3=-4.2764e-50
       P_4=0.704472010895665033018415  E[A_3^2]=0.009499454049508936420256053  P_5=0.356174567734251946748598
 m= 24 E[A_3](routeP)=0.0738816887198969175460568098162
       E[A_3](Alikoski)=0.0738816887198969175460568098162   diff=-6.4982e-50
       E[A_4]-2E[A_3] = 1.0691e-50   T_0-2=8.0183e-50  E[N_3]-3=1.176e-49
       P_4=0.7044732451204123298157728  E[A_3^2]=0.009499360844345890048101136  P_5=0.3561767212444897250204433
 m= 30 E[A_3](routeP)=0.0738807083218870721827086298777
       E[A_3](Alikoski)=0.0738807083218870721827086298777   diff=-4.1428e-50
       E[A_4]-2E[A_3] = 9.4883e-50   T_0-2=-2.2451e-49  E[N_3]-3=-3.3677e-49
       P_4=0.7044771667124517112691655  E[A_3^2]=0.009499065111229615975531005  P_5=0.3561835678934254379282238
 m= 40 E[A_3](routeP)=0.0738802442174715675191857702933
       E[A_3](Alikoski)=0.0738802442174715675191857702933   diff=-2.8916e-49
       E[A_4]-2E[A_3] = 2.8866e-49   T_0-2=-7.4036e-49  E[N_3]-3=-1.1119e-48
       P_4=0.7044790231301137299232569  E[A_3^2]=0.009498925411047874801240571  P_5=0.356186811935763072820548
 m= 60 E[A_3](routeP)=0.0738800720729763109041511502396
       E[A_3](Alikoski)=0.0738800720729763109041511502396   diff=-3.3944e-49
       E[A_4]-2E[A_3] = 5.2787e-49   T_0-2=1.2776e-48  E[N_3]-3=1.9137e-48
       P_4=0.7044797117080947563833954  E[A_3^2]=0.009498873675454968491811017  P_5=0.3561880160247865758765987
 m=100 E[A_3](routeP)=0.0738800352235211187558487623313
       E[A_3](Alikoski)=0.0738800352235211187558487623313   diff=-7.7176e-50
       E[A_4]-2E[A_3] = -8.5796e-49   T_0-2=6.0939e-49  E[N_3]-3=9.1409e-49
       P_4=0.704479859105915524976605  E[A_3^2]=0.009498862612176712818595229  P_5=0.3561882738865559406274647

wrote ../results/B1_mgon_exact_table.json
