  batch 1/40
  batch 2/40
  batch 3/40
  batch 4/40
  batch 5/40
  batch 6/40
  batch 7/40
  batch 8/40
  batch 9/40
  batch 10/40
  batch 11/40
  batch 12/40
  batch 13/40
  batch 14/40
  batch 15/40
  batch 16/40
  batch 17/40
  batch 18/40
  batch 19/40
  batch 20/40
  batch 21/40
  batch 22/40
  batch 23/40
  batch 24/40
  batch 25/40
  batch 26/40
  batch 27/40
  batch 28/40
  batch 29/40
  batch 30/40
  batch 31/40
  batch 32/40
  batch 33/40
  batch 34/40
  batch 35/40
  batch 36/40
  batch 37/40
  batch 38/40
  batch 39/40
  batch 40/40

disk moments, 200,000,000 samples per k (Jarvis-march hull areas)
  E[A_3]    MC = 0.073879359222 +- 4.1e-06   exact = 0.073880029739   z = -0.16
  E[A_3^2]  MC = 0.009498934524 +- 9.5e-07   exact = 0.009498860966   z = +0.08
  E[A_3^3]  MC = 0.001605706125 +- 2.4e-07   exact = 0.001605663787   z = +0.18
  E[A_4]    MC = 0.147760203002 +- 7.6e-06   exact = 0.147760059478   z = +0.02
  E[A_4^2]  MC = 0.029255290597 +- 2.9e-06   exact = 0.029257007088   z = -0.60
  E[A_5]    MC = 0.212074089129 +- 5.6e-06   exact = 0.212072074037   z = +0.36
  P_6 assembled from these MC moments = 0.134270702 +- 5.2e-05   Marckert exact = 0.134309386   z = -0.74
wrote ../results/C_disk_n6_moments.json
