2026-08-18 23:00:08 sweep start (host ZEBSERVICECENTERPTI01, nproc 28)
2026-08-18 23:00:10 xcheck disk n=5: 0.3564385 True
2026-08-18 23:00:15 xcheck disk n=6: 0.1341405 True
2026-08-18 23:00:26 xcheck disk n=7: 0.039023 True
2026-08-18 23:00:50 xcheck disk n=8: 0.0090945 True
2026-08-18 23:01:19 disk n=5: 0.35618818 +- 3.386134672663564e-05 ( 29 s)
2026-08-18 23:01:55 disk n=6: 0.13432961 +- 2.411277315835405e-05 ( 36 s)
2026-08-18 23:02:37 disk n=7: 0.0391123 +- 1.3708123137160316e-05 ( 41 s)
2026-08-18 23:03:24 disk n=8: 0.00904229 +- 6.693477045436064e-06 ( 47 s)
2026-08-18 23:04:17 disk n=9: 0.001698025 +- 2.911307018419197e-06 ( 53 s)
2026-08-18 23:05:16 disk n=10: 0.000262035 +- 1.1444787845538574e-06 ( 59 s)
2026-08-18 23:05:20 square n=7: 0.03361577 +- 1.8023803707127723e-05
2026-08-18 23:05:25 square n=8: 0.00723942 +- 8.477623958435288e-06
2026-08-18 23:05:30 square n=9: 0.00125505 +- 3.5404446747513225e-06
2026-08-18 23:05:37 square n=10: 0.00017669 +- 1.3291304700589028e-06
2026-08-18 23:05:48 triangle n=7: 0.0251998 +- 1.5673152229197547e-05
2026-08-18 23:06:01 triangle n=8: 0.00487515 +- 6.965186941121896e-06
2026-08-18 23:06:15 triangle n=9: 0.00075626 +- 2.7489781207066746e-06
2026-08-18 23:06:32 triangle n=10: 9.642e-05 +- 9.818895211967586e-07
2026-08-18 23:06:32 sweep done
